../Core/Src/main.c:85:5:main	152	static
../Core/Src/main.c:162:6:SystemClock_Config	72	static
../Core/Src/main.c:202:13:MX_I2C1_Init	8	static
../Core/Src/main.c:236:13:MX_USART1_UART_Init	8	static
../Core/Src/main.c:269:13:MX_GPIO_Init	40	static
../Core/Src/main.c:309:9:AHT10_Init	24	static
../Core/Src/main.c:333:9:AHT10_Read_Status	24	static
../Core/Src/main.c:341:9:AHT10_Trigger_Measurement	24	static
../Core/Src/main.c:349:9:AHT10_Read_Data	40	static
../Core/Src/main.c:378:6:AHT10_Reset	24	static
../Core/Src/main.c:390:6:Error_Handler	4	static,ignoring_inline_asm
